Info-No.1-lv2: &v.pref.Preferences{
    os: Windows
    backend: c
    build_mode: default_mode
    arch: amd64
    output_mode: stdout
    is_verbose: false
    is_test: false
    is_script: true
    is_vsh: false
    is_livemain: false
    is_liveshared: false
    is_shared: false
    is_prof: false
    profile_file: ''
    profile_no_inline: false
    translated: false
    is_prod: false
    obfuscate: false
    is_repl: false
    is_run: false
    is_debug: false
    is_vlines: false
    sanitize: false
    sourcemap: false
    sourcemap_inline: true
    sourcemap_src_included: false
    show_cc: false
    show_c_output: false
    show_callgraph: false
    show_depgraph: false
    dump_c_flags: ''
    use_cache: false
    retry_compilation: true
    is_stats: false
    cflags: ''
    m64: true
    ccompiler: 'gcc'
    ccompiler_type: gcc
    third_party_option: ''
    building_v: false
    autofree: false
    compress: false
    enable_globals: false
    is_fmt: false
    is_vet: false
    is_bare: false
    no_preludes: false
    custom_prelude: ''
    lookup_path: ['D:\GIT\vls-112\vlib', 'C:\Users\zhangjianguo\.vmodules']
    bare_builtin_dir: 'D:\GIT\vls-112\vlib\builtin\linux_bare'
    output_cross_c: false
    prealloc: false
    vroot: 'D:\GIT\vls-112'
    out_name_c: ''
    out_name: 'C:\Users\zhangjianguo\Desktop\test7\x'
    path: 'c:\Users\zhangjianguo\Desktop\test7\x.v'
    compile_defines: []
    compile_defines_all: []
    run_args: []
    printfn_list: []
    print_v_files: false
    skip_running: false
    skip_warnings: false
    warn_impure_v: false
    warns_are_errors: false
    fatal_errors: false
    reuse_tmpc: false
    no_rsp: false
    no_std: false
    use_color: auto
    no_parallel: false
    is_vweb: false
    only_check_syntax: false
    check_only: false
    experimental: false
    skip_unused: false
    show_timings: false
    is_ios_simulator: false
    is_apk: false
    cleanup_files: []
    build_options: []
    cache_manager: v.vcache.CacheManager{
        basepath: 'C:\Users\zhangjianguo\.vmodules\cache'
        original_vopts: '86694dd|c | Windows | gcc | false | false|||[]|[]|['D:\GIT\vls-112\vlib', 'C:\Users\zhangjianguo\.vmodules']'
        vopts: '86694dd|c | Windows | gcc | false | false|||[]|[]|['D:\GIT\vls-112\vlib', 'C:\Users\zhangjianguo\.vmodules']'
        k2cpath: {}
    }
    is_help: false
    gc_mode: no_gc
    is_cstrict: false
    assert_failure_mode: default
    message_limit: 100
    nofloat: false
    checker_match_exhaustive_cutoff_limit: 12
}
Info-No.2-lv2: find_own_module_df_locationlink-->
	t

Info-No.3-lv2: &v.pref.Preferences{
    os: Windows
    backend: c
    build_mode: default_mode
    arch: amd64
    output_mode: stdout
    is_verbose: false
    is_test: false
    is_script: true
    is_vsh: false
    is_livemain: false
    is_liveshared: false
    is_shared: false
    is_prof: false
    profile_file: ''
    profile_no_inline: false
    translated: false
    is_prod: false
    obfuscate: false
    is_repl: false
    is_run: false
    is_debug: false
    is_vlines: false
    sanitize: false
    sourcemap: false
    sourcemap_inline: true
    sourcemap_src_included: false
    show_cc: false
    show_c_output: false
    show_callgraph: false
    show_depgraph: false
    dump_c_flags: ''
    use_cache: false
    retry_compilation: true
    is_stats: false
    cflags: ''
    m64: true
    ccompiler: 'gcc'
    ccompiler_type: gcc
    third_party_option: ''
    building_v: false
    autofree: false
    compress: false
    enable_globals: false
    is_fmt: false
    is_vet: false
    is_bare: false
    no_preludes: false
    custom_prelude: ''
    lookup_path: ['D:\GIT\vls-112\vlib', 'C:\Users\zhangjianguo\.vmodules']
    bare_builtin_dir: 'D:\GIT\vls-112\vlib\builtin\linux_bare'
    output_cross_c: false
    prealloc: false
    vroot: 'D:\GIT\vls-112'
    out_name_c: ''
    out_name: 'C:\Users\zhangjianguo\Desktop\test7\x'
    path: 'c:\Users\zhangjianguo\Desktop\test7\x.v'
    compile_defines: []
    compile_defines_all: []
    run_args: []
    printfn_list: []
    print_v_files: false
    skip_running: false
    skip_warnings: false
    warn_impure_v: false
    warns_are_errors: false
    fatal_errors: false
    reuse_tmpc: false
    no_rsp: false
    no_std: false
    use_color: auto
    no_parallel: false
    is_vweb: false
    only_check_syntax: false
    check_only: false
    experimental: false
    skip_unused: false
    show_timings: false
    is_ios_simulator: false
    is_apk: false
    cleanup_files: []
    build_options: []
    cache_manager: v.vcache.CacheManager{
        basepath: 'C:\Users\zhangjianguo\.vmodules\cache'
        original_vopts: '86694dd|c | Windows | gcc | false | false|||[]|[]|['D:\GIT\vls-112\vlib', 'C:\Users\zhangjianguo\.vmodules']'
        vopts: '86694dd|c | Windows | gcc | false | false|||[]|[]|['D:\GIT\vls-112\vlib', 'C:\Users\zhangjianguo\.vmodules']'
        k2cpath: {}
    }
    is_help: false
    gc_mode: no_gc
    is_cstrict: false
    assert_failure_mode: default
    message_limit: 100
    nofloat: false
    checker_match_exhaustive_cutoff_limit: 12
}
Info-No.4-lv2: find_own_module_df_locationlink-->
	t

